Part A: literal Fortran transliteration vs replica (estabilidad_cierre.Columna)
  nz= 64: max|neu diff| 0.0e+00, rel max|D2 diff| 3.3e-13, rel max|trace-weight diff| 1.8e-13
         beta_m dz^(m-1): Fortran-literal 0.4800 1.0052 1.3967 1.1517 | replica 0.4800 1.0052 1.3967 1.1517
  nz=128: max|neu diff| 0.0e+00, rel max|D2 diff| 8.8e-14, rel max|trace-weight diff| 2.4e-12
         beta_m dz^(m-1): Fortran-literal 0.4800 1.0052 1.3967 1.1515 | replica 0.4800 1.0052 1.3967 1.1515
         neu weights (neu(1..d-1), neu(d)/dz): [-0.12  0.64 -1.44  1.92] 0.48
         max|dir| = 3.54e+03, max row sum |dir| = 9.5e+03
  nz=256: max|neu diff| 0.0e+00, rel max|D2 diff| 1.3e-13, rel max|trace-weight diff| 4.3e-13
         beta_m dz^(m-1): Fortran-literal 0.4800 1.0052 1.3967 1.1515 | replica 0.4800 1.0052 1.3967 1.1515
Part B: my RK2 step vs the replica's paso (implicit spectral closure)
  N=2 r=-4.00  rho mine 1.00667596  replica 1.00667596
  N=2 r=-2.00  rho mine 1.03014343  replica 1.03014343
  N=2 r=-0.80  rho mine 2.40416580  replica 2.40416580
  N=2 r=-0.70  rho mine 12.04911020  replica 12.04911020
  N=2 r=-0.60  rho mine 0.99997503  replica 0.99997503
  N=2 r=+0.50  rho mine 0.99997557  replica 0.99997557
  N=2 r=+1.00  rho mine 0.99997580  replica 0.99997580
  N=2 r=+4.00  rho mine 0.99997715  replica 0.99997715
  N=3 r=-4.00  rho mine 0.99997327  replica 0.99997327
  N=3 r=-2.00  rho mine 0.99997433  replica 0.99997433
  N=3 r=-0.80  rho mine 0.99997493  replica 0.99997493
  N=3 r=-0.70  rho mine 0.99997498  replica 0.99997498
  N=3 r=-0.60  rho mine 0.99997503  replica 0.99997503
  N=3 r=+0.50  rho mine 0.99997557  replica 0.99997557
  N=3 r=+1.00  rho mine 0.99997580  replica 0.99997580
  N=3 r=+4.00  rho mine 0.99997715  replica 0.99997715
  replica q=8 N=2 r=+1.0  rho 2.770
  replica q=8 N=2 r=+4.0  rho 39.270
Part C: break-tests with my step
  nz=128 nu=0.01 dt=0.001: rho(eta=0)=0.99997533 ; N=2 unstable r in fine scan: -0.74..-0.68
      rho at r=-0.70,-0.66,-0.60,-0.50: 12.049110 0.999975 0.999975 0.999975
      N=3 over r in [-8, 9] (51 values): unstable none ; max rho 0.99997917
  nz=128 nu=0.01 dt=0.0001: rho(eta=0)=0.99999753 ; N=2 unstable r in fine scan: -0.74..-0.72
      rho at r=-0.70,-0.66,-0.60,-0.50: 0.999997 0.999998 0.999998 0.999998
      N=3 over r in [-8, 9] (51 values): unstable none ; max rho 0.99999792
  nz=128 nu=0.01 dt=0.002: rho(eta=0)=1.03260766 ; N=2 unstable r in fine scan: -0.74..-0.40
      rho at r=-0.70,-0.66,-0.60,-0.50: 56.808562 3.840969 1.072223 1.032908
      N=3 over r in [-8, 9] (51 values): unstable [np.float64(-8.0), np.float64(-7.5), np.float64(-7.0), np.float64(-6.5), np.float64(-6.0), np.float64(-5.5), np.float64(-5.0), np.float64(-4.5), np.float64(-4.0), np.float64(-3.5), np.float64(-3.0), np.float64(-2.5), np.float64(-2.0), np.float64(-1.5), np.float64(-1.0), np.float64(-0.9), np.float64(-0.8), np.float64(-0.7), np.float64(-0.6), np.float64(-0.5), np.float64(-0.4), np.float64(-0.3), np.float64(-0.2), np.float64(-0.1), np.float64(-0.0), np.float64(0.1), np.float64(0.2), np.float64(0.3), np.float64(0.4), np.float64(0.5), np.float64(0.6), np.float64(0.7), np.float64(0.8), np.float64(0.9), np.float64(1.0), np.float64(1.5), np.float64(2.0), np.float64(2.5), np.float64(3.0), np.float64(3.5), np.float64(4.0), np.float64(4.5), np.float64(5.0), np.float64(5.5), np.float64(6.0), np.float64(6.5), np.float64(7.0), np.float64(7.5), np.float64(8.0), np.float64(8.5), np.float64(9.0)] ; max rho 1.04725061
  nz= 64 nu=0.01 dt=0.001: rho(eta=0)=0.99997533 ; N=2 unstable r in fine scan: -0.74..-0.72
      rho at r=-0.70,-0.66,-0.60,-0.50: 0.999974 0.999974 0.999975 0.999975
      N=3 over r in [-8, 9] (51 values): unstable none ; max rho 0.99998396
  nz=256 nu=0.01 dt=0.001: rho(eta=0)=9.32691785 ; N=2 unstable r in fine scan: -0.74..-0.40
      rho at r=-0.70,-0.66,-0.60,-0.50: 407.338134 33.418391 9.570293 9.327675
      N=3 over r in [-8, 9] (51 values): unstable [np.float64(-8.0), np.float64(-7.5), np.float64(-7.0), np.float64(-6.5), np.float64(-6.0), np.float64(-5.5), np.float64(-5.0), np.float64(-4.5), np.float64(-4.0), np.float64(-3.5), np.float64(-3.0), np.float64(-2.5), np.float64(-2.0), np.float64(-1.5), np.float64(-1.0), np.float64(-0.9), np.float64(-0.8), np.float64(-0.7), np.float64(-0.6), np.float64(-0.5), np.float64(-0.4), np.float64(-0.3), np.float64(-0.2), np.float64(-0.1), np.float64(-0.0), np.float64(0.1), np.float64(0.2), np.float64(0.3), np.float64(0.4), np.float64(0.5), np.float64(0.6), np.float64(0.7), np.float64(0.8), np.float64(0.9), np.float64(1.0), np.float64(1.5), np.float64(2.0), np.float64(2.5), np.float64(3.0), np.float64(3.5), np.float64(4.0), np.float64(4.5), np.float64(5.0), np.float64(5.5), np.float64(6.0), np.float64(6.5), np.float64(7.0), np.float64(7.5), np.float64(8.0), np.float64(8.5), np.float64(9.0)] ; max rho 9.38648152
  nz=128 nu=0.001 dt=0.001: rho(eta=0)=0.99999753 ; N=2 unstable r in fine scan: -0.74..-0.72
      rho at r=-0.70,-0.66,-0.60,-0.50: 0.999997 0.999998 0.999998 0.999998
      N=3 over r in [-8, 9] (51 values): unstable none ; max rho 0.99999792
  nz=128 nu=0.1 dt=0.0001: rho(eta=0)=0.99997533 ; N=2 unstable r in fine scan: -0.74..-0.68
      rho at r=-0.70,-0.66,-0.60,-0.50: 12.049110 0.999975 0.999975 0.999975
      N=3 over r in [-8, 9] (51 values): unstable none ; max rho 0.99997917
  neu(d) x 0.9: beta2*dz = 1.2570, -1/beta2 = -0.796 dz; N=2 unstable r: -0.90..-0.76
  neu(d) x 1.1: beta2*dz = 1.5364, -1/beta2 = -0.651 dz; N=2 unstable r: -0.90..-0.62
maxRSS 37352 kB, 53.19 s
