vectorized step == round-1 step (10 points, N=2,3)   [0 s]
nz=64: largest D stable at eta=0: D_max = 0.210283  (2/pi^2 = 0.202642)
nz=128: largest D stable at eta=0: D_max = 0.204794  (2/pi^2 = 0.202642)
nz=256: largest D stable at eta=0: D_max = 0.203397  (2/pi^2 = 0.202642)

   D      D/Dmax  sthr    r_guard   N=2 unstable r (neg side)    onset 1+sig   margin   N=2 pos side   N=3 unstable
 0.01024  0.050  0.0602  -0.6728   [-0.715 .. -0.7115]   0.0062      +0.0540   none   none
 0.02048  0.100  0.0705  -0.6655   [-0.715 .. -0.7070]   0.0126      +0.0579   none   none
 0.05120  0.250  0.1012  -0.6435   [-0.715 .. -0.6929]   0.0323      +0.0689   none   none
 0.10240  0.500  0.1524  -0.6069   [-0.715 .. -0.6674]   0.0679      +0.0845   none   none
 0.14336  0.700  0.1934  -0.5775   [-0.715 .. -0.6443]   0.1001      +0.0932   none   none
 0.17407  0.850  0.2241  -0.5555   [-0.715 .. -0.6240]   0.1285      +0.0956   none   none
 0.18431  0.900  0.2343  -0.5482   [-0.715 .. -0.6161]   0.1394      +0.0949   none   none
 0.19455  0.950  0.2446  -0.5409   [-0.715 .. -0.6072]   0.1519      +0.0926   none   none
 0.20070  0.980  0.2507  -0.5365   [-0.715 .. -0.6005]   0.1613      +0.0894   none   none
 0.20275  0.990  0.2527  -0.5350   [-0.715 .. -0.5973]   0.1657      +0.0870   none   6 pts, -1.35..-1.10
 0.20377  0.995  0.2538  -0.5343   [-0.715 .. -0.5944]   0.1698      +0.0840   none   12 pts, -1.55..-1.00
 0.20459  0.999  0.2546  -0.5337   [-0.715 .. -0.5805]   0.1892      +0.0654   none   27 pts, -2.50..-0.75

 nz=64 D=0.10514 (0.50 Dmax): N=2 onset r=-0.6659, 1+sig=0.0699, sthr=0.1551, margin +0.0852 ; N=2 pos unstable: none ; N=3 unstable: none
 nz=64 D=0.19977 (0.95 Dmax): N=2 onset r=-0.6016, 1+sig=0.1598, sthr=0.2498, margin +0.0900 ; N=2 pos unstable: none ; N=3 unstable: none
 nz=64 D=0.20818 (0.99 Dmax): N=2 onset r=-0.5839, 1+sig=0.1845, sthr=0.2582, margin +0.0737 ; N=2 pos unstable: none ; N=3 unstable: 18 pts
 nz=256 D=0.10170 (0.50 Dmax): N=2 onset r=-0.6677, 1+sig=0.0673, sthr=0.1517, margin +0.0844 ; N=2 pos unstable: none ; N=3 unstable: none
 nz=256 D=0.19323 (0.95 Dmax): N=2 onset r=-0.6085, 1+sig=0.1501, sthr=0.2432, margin +0.0931 ; N=2 pos unstable: none ; N=3 unstable: none
 nz=256 D=0.20136 (0.99 Dmax): N=2 onset r=-0.5997, 1+sig=0.1623, sthr=0.2514, margin +0.0890 ; N=2 pos unstable: none ; N=3 unstable: none
[48 s]
maxRSS 35880 kB, 48.26 s
