# med_S0008: Forzado 2.1–2.2 A (CI 3)
# 1024x1024, 10 bits, 3072 TIF
# PIV: multipaso 64->32->16 px, solape 75%, subpixel gaussian, s2n >= 1.05
# margen descartado: 64 px por borde
# NOTA: par sintetico, correlacion perfecta -> sigma es COTA INFERIOR

 d_real   u_medio    sesgo  sigma_u  v_medio  sigma_v   valid      t
--------------------------------------------------------------------
   0.00   -0.0000  -0.0000   0.0000  -0.0000   0.0000   97.6%    30s
   0.10    0.1035  +0.0035   0.0032  +0.0002   0.0024   97.6%    61s
   0.20    0.2065  +0.0065   0.0062  +0.0003   0.0045   97.5%    90s
   0.30    0.3087  +0.0087   0.0086  +0.0004   0.0063   97.5%   120s
   0.40    0.4100  +0.0100   0.0104  +0.0004   0.0076   97.5%   149s
   0.50    0.5101  +0.0101   0.0114  +0.0003   0.0084   97.4%   179s
   0.60    0.6118  +0.0118   0.0103  -0.0004   0.0063   97.4%   208s
   0.70    0.7095  +0.0095   0.0088  -0.0001   0.0039   97.4%   237s
   0.80    0.8061  +0.0061   0.0074  -0.0001   0.0030   97.3%   266s
   0.90    0.9022  +0.0022   0.0062  -0.0001   0.0026   97.3%   295s
   1.00    0.9979  -0.0021   0.0054  -0.0001   0.0029   97.3%   323s
   1.10    1.0936  -0.0064   0.0054  -0.0001   0.0039   97.3%   352s
   1.20    1.1895  -0.0105   0.0062  -0.0001   0.0051   97.3%   380s
   1.30    1.2859  -0.0141   0.0071  -0.0001   0.0062   97.3%   409s
   1.40    1.3832  -0.0168   0.0080  -0.0002   0.0072   97.4%   439s
   1.50    1.4819  -0.0181   0.0086  -0.0002   0.0079   97.4%   469s

control con splines cubicos (misma cuenta, otra interpolacion)
 d_real   u_medio    sesgo  sigma_u  dif_vs_fourier
---------------------------------------------------
   0.00   -0.0000  -0.0000   0.0000         -0.0000
   0.25    0.2488  -0.0012   0.0040            +nan
   0.50    0.5076  +0.0076   0.0100         -0.0025
   0.75    0.7623  +0.0123   0.0099            +nan
   1.00    0.9980  -0.0020   0.0056         +0.0001

====================================================================
verificacion en enteros (d=0, 1): sesgo maximo 0.0021 px  -> deberia ser ~0
sesgo maximo del barrido:        -0.0181 px en d=1.50
sigma_u en corrimiento entero:   0.0027 px
control splines: |dif| maxima    0.0025 px  -> si es chica, el sesgo es del PIV
====================================================================
comparar contra: barrido de dt 0.169 px | desp. nulo 0.030 px | Foucaut 0.087 px

-> /home/lucia/proyecto-final-piv/salidas/tablas/corrimiento_sintetico.json
	Command being timed: "/home/lucia/miniforge3/envs/piv-dt/bin/python -u codigo/05_corrimiento_sintetico.py --carpeta med_S0008 --cuadros 2"
	User time (seconds): 496.87
	System time (seconds): 46.23
	Percent of CPU this job got: 99%
	Elapsed (wall clock) time (h:mm:ss or m:ss): 9:05.91
	Average shared text size (kbytes): 0
	Average unshared data size (kbytes): 0
	Average stack size (kbytes): 0
	Average total size (kbytes): 0
	Maximum resident set size (kbytes): 1282492
	Average resident set size (kbytes): 0
	Major (requiring I/O) page faults: 0
	Minor (reclaiming a frame) page faults: 5118011
	Voluntary context switches: 16552
	Involuntary context switches: 7526
	Swaps: 0
	File system inputs: 288
	File system outputs: 104
	Socket messages sent: 0
	Socket messages received: 0
	Signals delivered: 0
	Page size (bytes): 4096
	Exit status: 0
